Listing for source file "filesystem/test.asm".
Note: memory is Little-Endian.

                    ORG  $100   
100 01 08           JP   INIT   ; goes to init
102 00      CONST1  CON  $0     ; const1 = 0
103 01      CONST2  CON  $1     ; const2 = 1
104 FF      CONST3  CON  $FF    ; const3 = $FF (-1)
105 EF      CONST4  CON  $EF    ; const4 = $EF
106 03      CONST5  CON  $3     ; const5 = 3
107 00        VAR1  CON  $0     ; var1 = 0
108 81 03     INIT  LD   CONST2 ; ac = 1
10A 11 12           JZ   JZ     ; jump to "jz" if acc = 0 (shouldn't)
10C 81 02           LD   CONST1 ; ac = 0
10E 11 12           JZ   JZ     ; jump to "jz" if acc = 0 (should)
110 41 04           ADD  CONST3 
112 21 1A       JZ  JN   JN     ; jump to "jn" if acc < 0 (shouldn't)
114 81 04           LD   CONST3 ; ac = -1
116 21 1A           JN   JN     ; jump to "jn" if acc < 0 (should)
118 41 04           ADD  CONST3 
11A 41 05       JN  ADD  CONST4 ; ac += $EFO (expected to result in $EEF)
11C 51 05           SUB  CONST4 ; ac -= $EF0 (expected to result in $FFFF)
11E 61 04           MUL  CONST3 ; ac *= $FFFF (expected to result in 1)
120 81 05           LD   CONST4 ; ac = $EF0
122 71 06           DIV  CONST5 ; ac /= 3 (expected $4FA)
124 91 07           MM   VAR1   ; var1 = ac
126 81 02           LD   CONST1 ; ac = 0
128 81 07           LD   VAR1   ; ac = var1 (should be $4FA)
12A A3 00           SC   SUBR   ; branch to subr (pc should be $300)     
12C E0 00           PD          ; Print Data
12E D0 00           GD          ; get data
130 E0 00           PD          
132 C1 08           HM   INIT   ; Halts Machine
                    ORG  $300   
300 00 00     SUBR  JP   $000   ; Subroutine return address
302 41 03           ADD  CONST2 
304 B3 00           RS   SUBR   ; Return from subroutine
                    END  INIT   ; Indica INIC como endereco de partida do programa;
